✅ 无 TypeScript 或 ESLint 错误